// Jest Snapshot v1, https://goo.gl/fbAQLP

exports[`Home renders successfully 1`] = `
<div>
  <div
    class="flex flex-col w-full"
  >
    <div>
      Dashboard
    </div>
  </div>
</div>
`;
